[     127ms] [INFO] %cDownload the React DevTools for a better development experience: https://react.dev/link/react-devtools font-weight:bold @ http://localhost:3000/_next/static/chunks/node_modules_next_dist_115brz8._.js:2477
[     140ms] [LOG] [HMR] connected @ http://localhost:3000/_next/static/chunks/node_modules_next_dist_115brz8._.js:2477
[     170ms] [ERROR] In HTML, %s cannot be a descendant of <%s>.
This will cause a hydration error.%s <button> button 

  ...
    <SegmentViewNode type="layout" pagePath="(marketing...">
      <SegmentTrieNode>
      <script>
      <script>
      <script>
      <MarketingLayout>
        <div className="flex flex-...">
          <Header>
            <header className="border-b b...">
              <Container className="flex items...">
                <div className="max-w-7xl ...">
                  <LinkComponent>
                  <nav>
                  <div className="flex items...">
                    <ThemeToggle>
                    <Sheet open={false} onOpenChange={function bound dispatchSetState}>
                      <DialogRoot data-slot="sheet" open={false} onOpenChange={function bound dispatchSetState}>
                        <SheetTrigger className="md:hidden">
                          <DialogTrigger data-slot="sheet-trigger" className="md:hidden">
>                           <button
>                             type="button"
>                             onClick={function}
>                             onMouseDown={function}
>                             onKeyDown={function}
>                             onKeyUp={function}
>                             onPointerDown={function}
>                             tabIndex={0}
>                             disabled={false}
>                             data-base-ui-click-trigger=""
>                             id="base-ui-_R_3mqbmqlb_"
>                             data-slot="sheet-trigger"
>                             ref={function}
>                             className="md:hidden"
>                           >
                              <Button variant="ghost" size="icon">
                                <Button data-slot="button" className={"group/bu..."}>
>                                 <button
>                                   type="button"
>                                   onClick={function}
>                                   onMouseDown={function}
>                                   onKeyDown={function}
>                                   onKeyUp={function}
>                                   onPointerDown={function}
>                                   tabIndex={0}
>                                   disabled={false}
>                                   data-slot="button"
>                                   ref={function}
>                                   className={"group/button inline-flex shrink-0 items-center justify-center rounded..."}
>                                 >
                        ...
          ...
 @ http://localhost:3000/_next/static/chunks/node_modules_next_dist_115brz8._.js:3318
[     170ms] [ERROR] <%s> cannot contain a nested %s.
See this log for the ancestor stack trace. button <button> @ http://localhost:3000/_next/static/chunks/node_modules_next_dist_115brz8._.js:3318
[     176ms] [ERROR] Encountered a script tag while rendering React component. Scripts inside React components are never executed when rendering on the client. Consider using template tag instead (https://developer.mozilla.org/en-US/docs/Web/HTML/Element/template). @ http://localhost:3000/_next/static/chunks/node_modules_next_dist_115brz8._.js:3318
[     186ms] Error: Hydration failed because the server rendered HTML didn't match the client. As a result this tree will be regenerated on the client. This can happen if a SSR-ed Client Component used:

- A server/client branch `if (typeof window !== 'undefined')`.
- Variable input such as `Date.now()` or `Math.random()` which changes each time it's called.
- Date formatting in a user's locale which doesn't match the server.
- External changing data without sending a snapshot of it along with the HTML.
- Invalid HTML tag nesting.

It can also happen if the client has a browser extension installed which messes with the HTML before React loaded.

https://react.dev/link/hydration-mismatch
    at throwOnHydrationMismatch (http://localhost:3000/_next/static/chunks/node_modules_next_dist_compiled_react-dom_058-ah~._.js:3318:56)
    at beginWork (http://localhost:3000/_next/static/chunks/node_modules_next_dist_compiled_react-dom_058-ah~._.js:6758:918)
    at runWithFiberInDEV (http://localhost:3000/_next/static/chunks/node_modules_next_dist_compiled_react-dom_058-ah~._.js:965:74)
    at performUnitOfWork (http://localhost:3000/_next/static/chunks/node_modules_next_dist_compiled_react-dom_058-ah~._.js:9555:97)
    at workLoopConcurrentByScheduler (http://localhost:3000/_next/static/chunks/node_modules_next_dist_compiled_react-dom_058-ah~._.js:9551:58)
    at renderRootConcurrent (http://localhost:3000/_next/static/chunks/node_modules_next_dist_compiled_react-dom_058-ah~._.js:9534:71)
    at performWorkOnRoot (http://localhost:3000/_next/static/chunks/node_modules_next_dist_compiled_react-dom_058-ah~._.js:9061:150)
    at performWorkOnRootViaSchedulerTask (http://localhost:3000/_next/static/chunks/node_modules_next_dist_compiled_react-dom_058-ah~._.js:10255:9)
    at MessagePort.performWorkUntilDeadline (http://localhost:3000/_next/static/chunks/node_modules_next_dist_compiled_0rpq4pf._.js:2647:64)
